#-----------------------------------------------------------
# PlanAhead v14.7 (64-bit)
# Build 321239 by xbuild on Fri Sep 27 19:24:36 MDT 2013
# Start of session at: Wed Mar 27 13:22:27 2019
# Process ID: 23557
# Log file: /users/btech/sanghi/CS220/Lab8_1/Mini_Processor/planAhead_run_2/planAhead.log
# Journal file: /users/btech/sanghi/CS220/Lab8_1/Mini_Processor/planAhead_run_2/planAhead.jou
#-----------------------------------------------------------
start_gui
source /users/btech/sanghi/CS220/Lab8_1/Mini_Processor/pa.fromHdl.tcl
update_compile_order -fileset sim_1
startgroup
set_property package_pin R15 [get_ports {data[0]}]
endgroup
set_property iostandard LVCMOS33 [get_ports [list {data[0]}]]
set_property drive 4 [get_ports [list {data[0]}]]
set_property drive 4 [get_ports [list {data[3]} {data[2]} {data[1]} {data[0]}]]
set_property iostandard LVCMOS25 [get_ports [list {data[2]}]]
set_property iostandard LVCMOS33 [get_ports [list {data[3]}]]
set_property iostandard LVCMOS33 [get_ports [list {data[3]} {data[2]} {data[1]} {data[0]}]]
startgroup
set_property package_pin R16 [get_ports {data[1]}]
endgroup
startgroup
set_property package_pin P17 [get_ports {data[2]}]
endgroup
startgroup
set_property package_pin M15 [get_ports {data[3]}]
endgroup
startgroup
set_property package_pin K17 [get_ports {PB[0]}]
endgroup
startgroup
set_property package_pin D18 [get_ports {PB[1]}]
endgroup
startgroup
set_property package_pin V4 [get_ports {PB[2]}]
endgroup
set_property iostandard LVTTL [get_ports [list {PB[2]} {PB[1]} {PB[0]}]]
set_property pulltype PULLDOWN [get_ports [list {PB[2]} {PB[1]} {PB[0]}]]
startgroup
set_property package_pin L13 [get_ports {y[0]}]
endgroup
startgroup
set_property package_pin L14 [get_ports {y[1]}]
endgroup
startgroup
set_property package_pin H18 [get_ports {y[2]}]
endgroup
startgroup
set_property package_pin N17 [get_ports {y[3]}]
endgroup
set_property iostandard LVTTL [get_ports [list {y[3]} {y[2]} {y[1]} {y[0]}]]
set_property pulltype PULLUP [get_ports [list {y[3]} {y[2]} {y[1]} {y[0]}]]
startgroup
set_property package_pin C9 [get_ports clk]
endgroup
set_property iostandard LVCMOS33 [get_ports [list clk]]
startgroup
set_property package_pin M18 [get_ports lcd_e]
endgroup
startgroup
set_property package_pin L18 [get_ports lcd_rs]
endgroup
startgroup
set_property package_pin L17 [get_ports lcd_w]
endgroup
set_property iostandard LVCMOS33 [get_ports [list lcd_e]]
set_property iostandard LVCMOS33 [get_ports [list lcd_rs]]
set_property iostandard LVCMOS33 [get_ports [list lcd_w]]
set_property drive 4 [get_ports [list lcd_e]]
set_property drive 4 [get_ports [list lcd_rs]]
set_property drive 4 [get_ports [list lcd_w]]
startgroup
set_property package_pin K18 [get_ports rota]
endgroup
startgroup
set_property package_pin G18 [get_ports rotb]
endgroup
set_property iostandard LVTTL [get_ports [list rota]]
set_property iostandard LVTTL [get_ports [list rotb]]
set_property pulltype PULLUP [get_ports [list rota]]
set_property pulltype PULLUP [get_ports [list rotb]]
save_constraints
