MO fourbitadder NULL fourbitadder.v vlg23/fourbitadder.bin 1548847009
MO five4add NULL five4add.v vlg57/five4add.bin 1548847010
MO full_adder NULL full_adder.v vlg5A/full__adder.bin 1548847008
MO fivebitadder NULL fivebitadder.v vlg45/fivebitadder.bin 1548847010
MO sixbitadder NULL sixbitadder.v vlg03/sixbitadder.bin 1548847009
